
> interface@0.1.0 dev /app
> next dev --turbopack

[baseline-browser-mapping] The data in this module is over two months old.  To ensure accurate Baseline data, please update: `npm i baseline-browser-mapping@latest -D`
   ▲ Next.js 16.0.0 (Turbopack)
   - Local:        http://localhost:3000
   - Network:      http://192.168.0.2:3000

 ✓ Starting...
Attention: Next.js now collects completely anonymous telemetry regarding usage.
This information is used to shape Next.js' roadmap and prioritize features.
You can learn more, including how to opt-out if you'd not like to participate in this anonymous program, by visiting the following URL:
https://nextjs.org/telemetry

 ⚠ The "middleware" file convention is deprecated. Please use "proxy" instead. Learn more: https://nextjs.org/docs/messages/middleware-to-proxy
[OpenTelemetry] Initializing server-side instrumentation...
[OpenTelemetry] OTLP Traces Endpoint: http://localhost:4318/v1/traces
[OpenTelemetry] Headers configured: false
[OpenTelemetry] ✅ SDK started successfully
[OpenTelemetry] Service: smatch-ocr-dashboard
[OpenTelemetry] Auto-instrumentations enabled
[OpenTelemetry] 📤 Test span created and ended: otel_init_test
 ✓ Ready in 4.5s
 ○ Compiling /test-bolt ...
 ⚠ ./node_modules/.pnpm/@opentelemetry+instrumentation@0.208.0_@opentelemetry+api@1.9.0/node_modules/@opentelemetry/instrumentation/build/esm/platform/node
Package import-in-the-middle can't be external
The request import-in-the-middle matches serverExternalPackages (or the default list).
The request could not be resolved by Node.js from the project directory.
Packages that should be external need to be installed in the project directory, so they can be resolved from the output files.
Try to install it into the project directory by running npm install import-in-the-middle from the project directory.


 ⚠ ./node_modules/.pnpm/@opentelemetry+instrumentation@0.208.0_@opentelemetry+api@1.9.0/node_modules/@opentelemetry/instrumentation/build/esm/platform/node
Package require-in-the-middle can't be external
The request require-in-the-middle matches serverExternalPackages (or the default list).
The request could not be resolved by Node.js from the project directory.
Packages that should be external need to be installed in the project directory, so they can be resolved from the output files.
Try to install it into the project directory by running npm install require-in-the-middle from the project directory.


 GET /test-bolt 200 in 10.6s (compile: 9.2s, proxy.ts: 170ms, render: 1222ms)
 ⚠ ./node_modules/.pnpm/@opentelemetry+instrumentation@0.208.0_@opentelemetry+api@1.9.0/node_modules/@opentelemetry/instrumentation/build/esm/platform/node
Package import-in-the-middle can't be external
The request import-in-the-middle matches serverExternalPackages (or the default list).
The request could not be resolved by Node.js from the project directory.
Packages that should be external need to be installed in the project directory, so they can be resolved from the output files.
Try to install it into the project directory by running npm install import-in-the-middle from the project directory.


 ⚠ ./node_modules/.pnpm/@opentelemetry+instrumentation@0.208.0_@opentelemetry+api@1.9.0/node_modules/@opentelemetry/instrumentation/build/esm/platform/node
Package require-in-the-middle can't be external
The request require-in-the-middle matches serverExternalPackages (or the default list).
The request could not be resolved by Node.js from the project directory.
Packages that should be external need to be installed in the project directory, so they can be resolved from the output files.
Try to install it into the project directory by running npm install require-in-the-middle from the project directory.


 ⚠ ./node_modules/.pnpm/@opentelemetry+instrumentation@0.208.0_@opentelemetry+api@1.9.0/node_modules/@opentelemetry/instrumentation/build/esm/platform/node
Package import-in-the-middle can't be external
The request import-in-the-middle matches serverExternalPackages (or the default list).
The request could not be resolved by Node.js from the project directory.
Packages that should be external need to be installed in the project directory, so they can be resolved from the output files.
Try to install it into the project directory by running npm install import-in-the-middle from the project directory.


 ⚠ ./node_modules/.pnpm/@opentelemetry+instrumentation@0.208.0_@opentelemetry+api@1.9.0/node_modules/@opentelemetry/instrumentation/build/esm/platform/node
Package require-in-the-middle can't be external
The request require-in-the-middle matches serverExternalPackages (or the default list).
The request could not be resolved by Node.js from the project directory.
Packages that should be external need to be installed in the project directory, so they can be resolved from the output files.
Try to install it into the project directory by running npm install require-in-the-middle from the project directory.


 GET /login 200 in 1450ms (compile: 1320ms, proxy.ts: 14ms, render: 116ms)
 ⚠ ./node_modules/.pnpm/@opentelemetry+instrumentation@0.208.0_@opentelemetry+api@1.9.0/node_modules/@opentelemetry/instrumentation/build/esm/platform/node
Package import-in-the-middle can't be external
The request import-in-the-middle matches serverExternalPackages (or the default list).
The request could not be resolved by Node.js from the project directory.
Packages that should be external need to be installed in the project directory, so they can be resolved from the output files.
Try to install it into the project directory by running npm install import-in-the-middle from the project directory.


 ⚠ ./node_modules/.pnpm/@opentelemetry+instrumentation@0.208.0_@opentelemetry+api@1.9.0/node_modules/@opentelemetry/instrumentation/build/esm/platform/node
Package require-in-the-middle can't be external
The request require-in-the-middle matches serverExternalPackages (or the default list).
The request could not be resolved by Node.js from the project directory.
Packages that should be external need to be installed in the project directory, so they can be resolved from the output files.
Try to install it into the project directory by running npm install require-in-the-middle from the project directory.


 GET /test-bolt 200 in 158ms (compile: 9ms, proxy.ts: 12ms, render: 137ms)
 ⚠ ./node_modules/.pnpm/@opentelemetry+instrumentation@0.208.0_@opentelemetry+api@1.9.0/node_modules/@opentelemetry/instrumentation/build/esm/platform/node
Package import-in-the-middle can't be external
The request import-in-the-middle matches serverExternalPackages (or the default list).
The request could not be resolved by Node.js from the project directory.
Packages that should be external need to be installed in the project directory, so they can be resolved from the output files.
Try to install it into the project directory by running npm install import-in-the-middle from the project directory.


 ⚠ ./node_modules/.pnpm/@opentelemetry+instrumentation@0.208.0_@opentelemetry+api@1.9.0/node_modules/@opentelemetry/instrumentation/build/esm/platform/node
Package require-in-the-middle can't be external
The request require-in-the-middle matches serverExternalPackages (or the default list).
The request could not be resolved by Node.js from the project directory.
Packages that should be external need to be installed in the project directory, so they can be resolved from the output files.
Try to install it into the project directory by running npm install require-in-the-middle from the project directory.


 GET /login 200 in 46ms (compile: 10ms, proxy.ts: 10ms, render: 25ms)
 ⚠ ./node_modules/.pnpm/@opentelemetry+instrumentation@0.208.0_@opentelemetry+api@1.9.0/node_modules/@opentelemetry/instrumentation/build/esm/platform/node
Package import-in-the-middle can't be external
The request import-in-the-middle matches serverExternalPackages (or the default list).
The request could not be resolved by Node.js from the project directory.
Packages that should be external need to be installed in the project directory, so they can be resolved from the output files.
Try to install it into the project directory by running npm install import-in-the-middle from the project directory.


 ⚠ ./node_modules/.pnpm/@opentelemetry+instrumentation@0.208.0_@opentelemetry+api@1.9.0/node_modules/@opentelemetry/instrumentation/build/esm/platform/node
Package require-in-the-middle can't be external
The request require-in-the-middle matches serverExternalPackages (or the default list).
The request could not be resolved by Node.js from the project directory.
Packages that should be external need to be installed in the project directory, so they can be resolved from the output files.
Try to install it into the project directory by running npm install require-in-the-middle from the project directory.


 GET /test-bolt 200 in 216ms (compile: 11ms, proxy.ts: 12ms, render: 193ms)
 ⚠ ./node_modules/.pnpm/@opentelemetry+instrumentation@0.208.0_@opentelemetry+api@1.9.0/node_modules/@opentelemetry/instrumentation/build/esm/platform/node
Package import-in-the-middle can't be external
The request import-in-the-middle matches serverExternalPackages (or the default list).
The request could not be resolved by Node.js from the project directory.
Packages that should be external need to be installed in the project directory, so they can be resolved from the output files.
Try to install it into the project directory by running npm install import-in-the-middle from the project directory.


 ⚠ ./node_modules/.pnpm/@opentelemetry+instrumentation@0.208.0_@opentelemetry+api@1.9.0/node_modules/@opentelemetry/instrumentation/build/esm/platform/node
Package require-in-the-middle can't be external
The request require-in-the-middle matches serverExternalPackages (or the default list).
The request could not be resolved by Node.js from the project directory.
Packages that should be external need to be installed in the project directory, so they can be resolved from the output files.
Try to install it into the project directory by running npm install require-in-the-middle from the project directory.


 GET /login 200 in 46ms (compile: 7ms, proxy.ts: 12ms, render: 27ms)
